// Jest Snapshot v1, https://goo.gl/fbAQLP

exports[`App Component renders correctly 1`] = `
<RNCSafeAreaView
  edges={
    {
      "bottom": "additive",
      "left": "additive",
      "right": "additive",
      "top": "additive",
    }
  }
  style={
    [
      {
        "backgroundColor": "#fffffe",
      },
      {
        "height": "100%",
      },
    ]
  }
>
  <RCTScrollView
    contentContainerStyle={
      {
        "height": "100%",
      }
    }
  >
    <View>
      <View
        style={
          [
            {
              "width": "100%",
            },
            {
              "height": "100%",
            },
            {
              "justifyContent": "center",
            },
            {
              "alignItems": "center",
            },
            {
              "paddingLeft": 16,
              "paddingRight": 16,
            },
          ]
        }
      >
        <Image
          marginBottom={-43}
          resizeMode="contain"
          source={1}
          style={
            [
              {
                "width": 234,
              },
              {
                "height": 234,
              },
            ]
          }
        />
        <View
          style={
            [
              {
                "position": "relative",
              },
              {
                "marginTop": 112,
              },
            ]
          }
        >
          <Text
            style={
              [
                {
                  "fontSize": 36,
                  "lineHeight": 40,
                },
                {
                  "fontFamily": "Poppins-Bold",
                },
                {
                  "textAlign": "center",
                },
              ]
            }
          >
            SupplyStream
          </Text>
        </View>
        <View
          style={
            [
              {
                "width": "100%",
              },
              {
                "marginTop": 28,
              },
            ]
          }
        >
          <Text
            style={
              [
                {
                  "fontSize": 16,
                  "lineHeight": 24,
                },
                {
                  "color": "#979797",
                },
                {
                  "fontFamily": "Poppins-Medium",
                },
              ]
            }
          >
            Email
          </Text>
          <View
            style={
              [
                {
                  "width": "100%",
                },
                {
                  "height": 64,
                },
                {
                  "paddingLeft": 16,
                  "paddingRight": 16,
                },
                {
                  "backgroundColor": "#d8d7d7",
                },
                {
                  "borderBottomLeftRadius": 16,
                  "borderBottomRightRadius": 16,
                  "borderTopLeftRadius": 16,
                  "borderTopRightRadius": 16,
                },
                {
                  "flexDirection": "row",
                },
                {
                  "alignItems": "center",
                },
                [
                  {
                    "marginTop": 8,
                  },
                ],
              ]
            }
          >
            <TextInput
              onChangeText={[Function]}
              placeholder="Enter your email"
              placeholderTextColor="gray-100"
              secureTextEntry={false}
              style={
                [
                  {
                    "flexBasis": "0%",
                    "flexGrow": 1,
                    "flexShrink": 1,
                  },
                  {
                    "color": "#000",
                  },
                  {
                    "fontFamily": "Poppins-SemiBold",
                  },
                  {
                    "fontSize": 16,
                    "lineHeight": 24,
                  },
                ]
              }
              value=""
            />
          </View>
        </View>
        <View
          style={
            [
              {
                "width": "100%",
              },
              {
                "marginTop": 28,
              },
            ]
          }
        >
          <Text
            style={
              [
                {
                  "fontSize": 16,
                  "lineHeight": 24,
                },
                {
                  "color": "#979797",
                },
                {
                  "fontFamily": "Poppins-Medium",
                },
              ]
            }
          >
            Password
          </Text>
          <View
            style={
              [
                {
                  "width": "100%",
                },
                {
                  "height": 64,
                },
                {
                  "paddingLeft": 16,
                  "paddingRight": 16,
                },
                {
                  "backgroundColor": "#d8d7d7",
                },
                {
                  "borderBottomLeftRadius": 16,
                  "borderBottomRightRadius": 16,
                  "borderTopLeftRadius": 16,
                  "borderTopRightRadius": 16,
                },
                {
                  "flexDirection": "row",
                },
                {
                  "alignItems": "center",
                },
                [
                  {
                    "marginTop": 8,
                  },
                ],
              ]
            }
          >
            <TextInput
              onChangeText={[Function]}
              placeholder="Enter your password"
              placeholderTextColor="gray-100"
              secureTextEntry={true}
              style={
                [
                  {
                    "flexBasis": "0%",
                    "flexGrow": 1,
                    "flexShrink": 1,
                  },
                  {
                    "color": "#000",
                  },
                  {
                    "fontFamily": "Poppins-SemiBold",
                  },
                  {
                    "fontSize": 16,
                    "lineHeight": 24,
                  },
                ]
              }
              value=""
            />
            <View
              accessibilityState={
                {
                  "busy": undefined,
                  "checked": undefined,
                  "disabled": undefined,
                  "expanded": undefined,
                  "selected": undefined,
                }
              }
              accessibilityValue={
                {
                  "max": undefined,
                  "min": undefined,
                  "now": undefined,
                  "text": undefined,
                }
              }
              accessible={true}
              collapsable={false}
              focusable={true}
              onClick={[Function]}
              onResponderGrant={[Function]}
              onResponderMove={[Function]}
              onResponderRelease={[Function]}
              onResponderTerminate={[Function]}
              onResponderTerminationRequest={[Function]}
              onStartShouldSetResponder={[Function]}
              style={
                {
                  "opacity": 1,
                }
              }
            >
              <Image
                resizeMode="contain"
                source={1}
                style={
                  [
                    {
                      "width": 36,
                    },
                    {
                      "height": 36,
                    },
                  ]
                }
              />
            </View>
          </View>
        </View>
        <View
          accessibilityState={
            {
              "busy": undefined,
              "checked": undefined,
              "disabled": undefined,
              "expanded": undefined,
              "selected": undefined,
            }
          }
          accessibilityValue={
            {
              "max": undefined,
              "min": undefined,
              "now": undefined,
              "text": undefined,
            }
          }
          accessible={true}
          collapsable={false}
          focusable={true}
          onClick={[Function]}
          onResponderGrant={[Function]}
          onResponderMove={[Function]}
          onResponderRelease={[Function]}
          onResponderTerminate={[Function]}
          onResponderTerminationRequest={[Function]}
          onStartShouldSetResponder={[Function]}
          style={
            {
              "alignItems": "center",
              "backgroundColor": "#d8d7d7",
              "borderBottomLeftRadius": 12,
              "borderBottomRightRadius": 12,
              "borderTopLeftRadius": 12,
              "borderTopRightRadius": 12,
              "justifyContent": "center",
              "marginTop": 48,
              "minHeight": 62,
              "opacity": 1,
              "width": 150,
            }
          }
        >
          <Text
            style={
              [
                {
                  "color": "#000",
                },
                {
                  "fontFamily": "Poppins-SemiBold",
                },
                {
                  "fontSize": 18,
                  "lineHeight": 28,
                },
              ]
            }
          >
            Login
          </Text>
        </View>
      </View>
    </View>
  </RCTScrollView>
</RNCSafeAreaView>
`;
